// Jest Snapshot v1, https://goo.gl/fbAQLP

exports[`<App /> renders app 1`] = `
<div
  className="app"
>
  <div
    className="app-device-list"
  >
    <device-list />
  </div>
  <div
    className="app-directory-list"
  >
    <device-toolbar />
    <directory-list />
    <file-info />
  </div>
</div>
`;
