// Jest Snapshot v1, https://goo.gl/fbAQLP

exports[`<FileInfo /> should not render when no file is selected 1`] = `null`;

exports[`<FileInfo /> should render an infoBox 1`] = `
<div
  className="file-info"
>
  <div
    className="file-info-left"
  >
    <div
      className="file-info-group file-info-path"
    >
      <span
        className="file-info-label"
      >
        Path:
      </span>
      <span
        className="file-info-value"
      >
        /storage/emulated/0/DCIM
      </span>
    </div>
    <div
      className="file-info-group file-info-name"
    >
      <span
        className="file-info-label"
      >
        Filename:
      </span>
      <span
        className="file-info-value"
      >
        file_1
      </span>
    </div>
    <div
      className="file-info-group file-info-size"
    >
      <span
        className="file-info-label"
      >
        File size:
      </span>
      <span
        className="file-info-value"
      >
        42100
         bytes
      </span>
    </div>
    <div
      className="file-info-group file-info-timestamp"
    >
      <span
        className="file-info-label"
      >
        Modified:
      </span>
      <span
        className="file-info-value"
      >
        2017-09-20 21:22
      </span>
    </div>
    <div
      className="file-info-download"
    >
      <button
        className="file-info-download-link"
        onClick={[Function]}
      >
        <i
          className="fas fa-file-download file-info-download-icon"
        />
        Download this file
      </button>
    </div>
  </div>
  <div
    className="file-info-right"
  >
    <div
      className="file-info-preview"
    >
      <a
        href="#previewFull"
      >
        <p
          className="file-info-preview-none"
        >
          No Preview Available
        </p>
      </a>
    </div>
  </div>
</div>
`;
